// Vitest Snapshot v1, https://vitest.dev/guide/snapshot.html

exports[`components > ColorThemeSwitch > renders 1`] = `
<DocumentFragment>
  <style
    data-mantine-styles="classes"
  >
    @media (max-width: 35.99375em) {.mantine-visible-from-xs {display: none !important;}}@media (min-width: 36em) {.mantine-hidden-from-xs {display: none !important;}}@media (max-width: 47.99375em) {.mantine-visible-from-sm {display: none !important;}}@media (min-width: 48em) {.mantine-hidden-from-sm {display: none !important;}}@media (max-width: 61.99375em) {.mantine-visible-from-md {display: none !important;}}@media (min-width: 62em) {.mantine-hidden-from-md {display: none !important;}}@media (max-width: 74.99375em) {.mantine-visible-from-lg {display: none !important;}}@media (min-width: 75em) {.mantine-hidden-from-lg {display: none !important;}}@media (max-width: 87.99375em) {.mantine-visible-from-xl {display: none !important;}}@media (min-width: 88em) {.mantine-hidden-from-xl {display: none !important;}}
  </style>
  <div
    class="m-4081bf90 mantine-Group-root"
    style="--group-gap: var(--mantine-spacing-md); --group-align: center; --group-justify: center; --group-wrap: wrap;"
  >
    <button
      aria-describedby=":r2:"
      aria-label="Toggle color scheme"
      class="mantine-focus-auto mantine-active m-8d3f4000 mantine-ActionIcon-root m-87cf2631 mantine-UnstyledButton-root"
      data-size="xl"
      data-variant="default"
      style="--ai-size: var(--ai-size-xl); --ai-bg: var(--mantine-color-default); --ai-hover: var(--mantine-color-default-hover); --ai-color: var(--mantine-color-default-color); --ai-bd: calc(0.0625rem * var(--mantine-scale)) solid var(--mantine-color-default-border);"
      type="button"
    >
      <svg
        class="_icon_1eb3e8 _light_1eb3e8"
        fill="none"
        height="24"
        stroke="currentColor"
        stroke-linecap="round"
        stroke-linejoin="round"
        stroke-width="1.5"
        viewBox="0 0 24 24"
        width="24"
        xmlns="http://www.w3.org/2000/svg"
      >
        <path
          d="M12 12m-4 0a4 4 0 1 0 8 0a4 4 0 1 0 -8 0"
        />
        <path
          d="M3 12h1m8 -9v1m8 8h1m-9 8v1m-6.4 -15.4l.7 .7m12.1 -.7l-.7 .7m0 11.4l.7 .7m-12.1 -.7l-.7 .7"
        />
      </svg>
      <svg
        class="_icon_1eb3e8 _dark_1eb3e8"
        fill="none"
        height="24"
        stroke="currentColor"
        stroke-linecap="round"
        stroke-linejoin="round"
        stroke-width="1.5"
        viewBox="0 0 24 24"
        width="24"
        xmlns="http://www.w3.org/2000/svg"
      >
        <path
          d="M12 3c.132 0 .263 0 .393 0a7.5 7.5 0 0 0 7.92 12.446a9 9 0 1 1 -8.313 -12.454z"
        />
      </svg>
    </button>
  </div>
</DocumentFragment>
`;
